// Jest Snapshot v1, https://goo.gl/fbAQLP

exports[`Should render Currency correctly 1`] = `
<li>
  <div>
    Currency: 
  </div>
  <div>
    Code: 
    ARS
  </div>
  <div>
    Mid: 
    0.011111
  </div>
  <div>
    <button
      onClick={[Function]}
    >
      Add
    </button>
  </div>
</li>
`;
